// Jest Snapshot v1, https://goo.gl/fbAQLP

exports[`<Calendar /> container should match with the snapshot 1`] = `
<div
  className="calendar"
>
  <div
    className="calendar-header"
  >
    <div
      className="previous-btn"
      onClick={[Function]}
    >
      <span>
        &lt;
      </span>
    </div>
    <div
      className="date"
    >
      <span
        className="year"
      >
        2018
      </span>
      <span
        className="month"
      >
        May
      </span>
    </div>
    <div
      className="next-btn"
      onClick={[Function]}
    >
      <span>
        &gt;
      </span>
    </div>
  </div>
  <div
    className="month"
  >
    <div
      className="month-header"
    >
      <div
        className="week-day"
      >
        <span>
          Sunday
        </span>
      </div>
      <div
        className="week-day"
      >
        <span>
          Monday
        </span>
      </div>
      <div
        className="week-day"
      >
        <span>
          Tuesday
        </span>
      </div>
      <div
        className="week-day"
      >
        <span>
          Wednesday
        </span>
      </div>
      <div
        className="week-day"
      >
        <span>
          Thursday
        </span>
      </div>
      <div
        className="week-day"
      >
        <span>
          Friday
        </span>
      </div>
      <div
        className="week-day"
      >
        <span>
          Saturday
        </span>
      </div>
    </div>
    <div
      className="month-days"
    >
      <div
        className="day"
      />
      <div
        className="day"
      />
      <div
        className="day"
      >
        <div
          className="day-header"
        >
          <span>
            1
          </span>
          <div
            className="add-event-btn"
            onClick={[Function]}
          >
            <span>
              +
            </span>
          </div>
        </div>
      </div>
      <div
        className="day"
      >
        <div
          className="day-header"
        >
          <span>
            2
          </span>
          <div
            className="add-event-btn"
            onClick={[Function]}
          >
            <span>
              +
            </span>
          </div>
        </div>
      </div>
      <div
        className="day"
      >
        <div
          className="day-header"
        >
          <span>
            3
          </span>
          <div
            className="add-event-btn"
            onClick={[Function]}
          >
            <span>
              +
            </span>
          </div>
        </div>
      </div>
      <div
        className="day"
      >
        <div
          className="day-header"
        >
          <span>
            4
          </span>
          <div
            className="add-event-btn"
            onClick={[Function]}
          >
            <span>
              +
            </span>
          </div>
        </div>
      </div>
      <div
        className="day"
      >
        <div
          className="day-header"
        >
          <span>
            5
          </span>
          <div
            className="add-event-btn"
            onClick={[Function]}
          >
            <span>
              +
            </span>
          </div>
        </div>
      </div>
      <div
        className="day"
      >
        <div
          className="day-header"
        >
          <span>
            6
          </span>
          <div
            className="add-event-btn"
            onClick={[Function]}
          >
            <span>
              +
            </span>
          </div>
        </div>
      </div>
      <div
        className="day"
      >
        <div
          className="day-header"
        >
          <span>
            7
          </span>
          <div
            className="add-event-btn"
            onClick={[Function]}
          >
            <span>
              +
            </span>
          </div>
        </div>
      </div>
      <div
        className="day"
      >
        <div
          className="day-header"
        >
          <span>
            8
          </span>
          <div
            className="add-event-btn"
            onClick={[Function]}
          >
            <span>
              +
            </span>
          </div>
        </div>
      </div>
      <div
        className="day"
      >
        <div
          className="day-header"
        >
          <span>
            9
          </span>
          <div
            className="add-event-btn"
            onClick={[Function]}
          >
            <span>
              +
            </span>
          </div>
        </div>
      </div>
      <div
        className="day"
      >
        <div
          className="day-header"
        >
          <span>
            10
          </span>
          <div
            className="add-event-btn"
            onClick={[Function]}
          >
            <span>
              +
            </span>
          </div>
        </div>
      </div>
      <div
        className="day"
      >
        <div
          className="day-header"
        >
          <span>
            11
          </span>
          <div
            className="add-event-btn"
            onClick={[Function]}
          >
            <span>
              +
            </span>
          </div>
        </div>
      </div>
      <div
        className="day"
      >
        <div
          className="day-header"
        >
          <span>
            12
          </span>
          <div
            className="add-event-btn"
            onClick={[Function]}
          >
            <span>
              +
            </span>
          </div>
        </div>
      </div>
      <div
        className="day"
      >
        <div
          className="day-header"
        >
          <span>
            13
          </span>
          <div
            className="add-event-btn"
            onClick={[Function]}
          >
            <span>
              +
            </span>
          </div>
        </div>
      </div>
      <div
        className="day"
      >
        <div
          className="day-header"
        >
          <span>
            14
          </span>
          <div
            className="add-event-btn"
            onClick={[Function]}
          >
            <span>
              +
            </span>
          </div>
        </div>
      </div>
      <div
        className="day"
      >
        <div
          className="day-header"
        >
          <span>
            15
          </span>
          <div
            className="add-event-btn"
            onClick={[Function]}
          >
            <span>
              +
            </span>
          </div>
        </div>
      </div>
      <div
        className="day"
      >
        <div
          className="day-header"
        >
          <span>
            16
          </span>
          <div
            className="add-event-btn"
            onClick={[Function]}
          >
            <span>
              +
            </span>
          </div>
        </div>
      </div>
      <div
        className="day"
      >
        <div
          className="day-header"
        >
          <span>
            17
          </span>
          <div
            className="add-event-btn"
            onClick={[Function]}
          >
            <span>
              +
            </span>
          </div>
        </div>
      </div>
      <div
        className="day"
      >
        <div
          className="day-header"
        >
          <span>
            18
          </span>
          <div
            className="add-event-btn"
            onClick={[Function]}
          >
            <span>
              +
            </span>
          </div>
        </div>
      </div>
      <div
        className="day"
      >
        <div
          className="day-header"
        >
          <span>
            19
          </span>
          <div
            className="add-event-btn"
            onClick={[Function]}
          >
            <span>
              +
            </span>
          </div>
        </div>
      </div>
      <div
        className="day"
      >
        <div
          className="day-header"
        >
          <span>
            20
          </span>
          <div
            className="add-event-btn"
            onClick={[Function]}
          >
            <span>
              +
            </span>
          </div>
        </div>
      </div>
      <div
        className="day"
      >
        <div
          className="day-header"
        >
          <span>
            21
          </span>
          <div
            className="add-event-btn"
            onClick={[Function]}
          >
            <span>
              +
            </span>
          </div>
        </div>
      </div>
      <div
        className="day"
      >
        <div
          className="day-header"
        >
          <span>
            22
          </span>
          <div
            className="add-event-btn"
            onClick={[Function]}
          >
            <span>
              +
            </span>
          </div>
        </div>
      </div>
      <div
        className="day"
      >
        <div
          className="day-header"
        >
          <span>
            23
          </span>
          <div
            className="add-event-btn"
            onClick={[Function]}
          >
            <span>
              +
            </span>
          </div>
        </div>
      </div>
      <div
        className="day"
      >
        <div
          className="day-header"
        >
          <span>
            24
          </span>
          <div
            className="add-event-btn"
            onClick={[Function]}
          >
            <span>
              +
            </span>
          </div>
        </div>
      </div>
      <div
        className="day"
      >
        <div
          className="day-header"
        >
          <span>
            25
          </span>
          <div
            className="add-event-btn"
            onClick={[Function]}
          >
            <span>
              +
            </span>
          </div>
        </div>
      </div>
      <div
        className="day"
      >
        <div
          className="day-header"
        >
          <span>
            26
          </span>
          <div
            className="add-event-btn"
            onClick={[Function]}
          >
            <span>
              +
            </span>
          </div>
        </div>
      </div>
      <div
        className="day"
      >
        <div
          className="day-header"
        >
          <span>
            27
          </span>
          <div
            className="add-event-btn"
            onClick={[Function]}
          >
            <span>
              +
            </span>
          </div>
        </div>
      </div>
      <div
        className="day"
      >
        <div
          className="day-header"
        >
          <span>
            28
          </span>
          <div
            className="add-event-btn"
            onClick={[Function]}
          >
            <span>
              +
            </span>
          </div>
        </div>
      </div>
      <div
        className="day"
      >
        <div
          className="day-header"
        >
          <span>
            29
          </span>
          <div
            className="add-event-btn"
            onClick={[Function]}
          >
            <span>
              +
            </span>
          </div>
        </div>
      </div>
      <div
        className="day"
      >
        <div
          className="day-header"
        >
          <span>
            30
          </span>
          <div
            className="add-event-btn"
            onClick={[Function]}
          >
            <span>
              +
            </span>
          </div>
        </div>
      </div>
      <div
        className="day"
      >
        <div
          className="day-header"
        >
          <span>
            31
          </span>
          <div
            className="add-event-btn"
            onClick={[Function]}
          >
            <span>
              +
            </span>
          </div>
        </div>
      </div>
    </div>
  </div>
</div>
`;
